> Task :app:checkKotlinGradlePluginConfigurationErrors SKIPPED
> Task :app:startLocalImageGenerator
> Task :app:preBuild
> Task :app:preDebugBuild
> Task :app:generateDebugBuildConfig UP-TO-DATE
> Task :app:protobufDummy UP-TO-DATE
> Task :app:extractDebugProto UP-TO-DATE
> Task :app:extractIncludeDebugProto UP-TO-DATE
> Task :app:extractProto UP-TO-DATE
> Task :app:generateDebugProto UP-TO-DATE
> Task :app:checkDebugAarMetadata UP-TO-DATE
> Task :app:processDebugNavigationResources UP-TO-DATE
> Task :app:compileDebugNavigationResources UP-TO-DATE
> Task :app:generateDebugResValues UP-TO-DATE
> Task :app:processDebugGoogleServices UP-TO-DATE
> Task :app:mapDebugSourceSetPaths UP-TO-DATE
> Task :app:generateDebugResources UP-TO-DATE
> Task :app:mergeDebugResources UP-TO-DATE
> Task :app:packageDebugResources UP-TO-DATE
> Task :app:parseDebugLocalResources UP-TO-DATE
> Task :app:createDebugCompatibleScreenManifests UP-TO-DATE
> Task :app:extractDeepLinksDebug UP-TO-DATE
> Task :app:processDebugMainManifest
> Task :app:processDebugManifest
> Task :app:processDebugManifestForPackage
> Task :app:processDebugResources
> Task :app:kspDebugKotlin

> Task :app:compileDebugKotlin
.\gradlew : e: file:///C:/Users/Vidhan/AndroidStudioProjects/SyAi-Public/app/src/main/java/com/mato/syai/note/ui/editor
/PagePreviewScreen.kt:277:45 No parameter with name 'uiScale' found.
At line:1 char:1
+ .\gradlew compileDebugKotlin > compile3.log 2>&1
+ ~~~~~~~~~~~~~~~~~~~~~~~~~~~~~~~~~~~~~~~~~~~~~~~~
    + CategoryInfo          : NotSpecified: (e: file:///C:/U...uiScale' found.:String) [], RemoteException
    + FullyQualifiedErrorId : NativeCommandError
 
e: file:///C:/Users/Vidhan/AndroidStudioProjects/SyAi-Public/app/src/main/java/com/mato/syai/presentation/navigation/Ap
pNavGraph.kt:119:13 Unresolved reference 'ComingSoonScreen'.
e: file:///C:/Users/Vidhan/AndroidStudioProjects/SyAi-Public/app/src/main/java/com/mato/syai/presentation/navigation/Ap
pNavGraph.kt:122:13 Unresolved reference 'ComingSoonScreen'.
e: file:///C:/Users/Vidhan/AndroidStudioProjects/SyAi-Public/app/src/main/java/com/mato/syai/presentation/navigation/Ap
pNavGraph.kt:136:13 Unresolved reference 'ComingSoonScreen'.
e: file:///C:/Users/Vidhan/AndroidStudioProjects/SyAi-Public/app/src/main/java/com/mato/syai/presentation/navigation/Ap
pNavGraph.kt:139:13 Unresolved reference 'ComingSoonScreen'.
e: file:///C:/Users/Vidhan/AndroidStudioProjects/SyAi-Public/app/src/main/java/com/mato/syai/presentation/navigation/Ap
pNavGraph.kt:143:13 Unresolved reference 'ComingSoonScreen'.
e: file:///C:/Users/Vidhan/AndroidStudioProjects/SyAi-Public/app/src/main/java/com/mato/syai/presentation/navigation/Ap
pNavGraph.kt:146:13 Unresolved reference 'ComingSoonScreen'.
e: file:///C:/Users/Vidhan/AndroidStudioProjects/SyAi-Public/app/src/main/java/com/mato/syai/presentation/navigation/Ap
pNavGraph.kt:169:2 Syntax error: Expecting '}'.

> Task :app:compileDebugKotlin FAILED

[Incubating] Problems report is available at: file:///C:/Users/Vidhan/AndroidStudioProjects/SyAi-Public/build/reports/problems/problems-report.html

FAILURE: Build failed with an exception.

* What went wrong:
Execution failed for task ':app:compileDebugKotlin'.
> A failure occurred while executing 
org.jetbrains.kotlin.compilerRunner.GradleCompilerRunnerWithWorkers$GradleKotlinCompilerWorkAction
   > Compilation error. See log for more details

* Try:
> Run with --stacktrace option to get the stack trace.
> Run with --info or --debug option to get more log output.
> Run with --scan to generate a Build Scan (powered by Develocity).
> Get more help at https://help.gradle.org.

Deprecated Gradle features were used in this build, making it incompatible with Gradle 10.

You can use '--warning-mode all' to show the individual deprecation warnings and determine if they come from your own scripts or plugins.

For more on this, please refer to https://docs.gradle.org/9.2.0/userguide/command_line_interface.html#sec:command_line_warnings in the Gradle documentation.

BUILD FAILED in 23s
24 actionable tasks: 7 executed, 17 up-to-date
